---
source: formulator/src/imp/domain.rs
expression: domain
---
Domain {
    aadf, as, btmgm, bw, cenh, dr, e, eiamp, eqhiojyxtn, erdy, fo, fvjh,
    gkevvvs, gp, guv, gxf, h, i, iljblwuaemtszsvn, imka, itrkr,
    iztifnijcqj, jfpvxaocg, jh, kfuw, klv, lai, llb, md, mj, my, n, net,
    oag, ogu, pth, q, qj, qrvry, tzug, ufyeb, v, vhpih, vll, vvoej, x,
    xhnic, xmk, xsk, z
}
